SP-ROM:esp32c6-20220919
Build:Sep 19 2022
rst:0x1 (POWERON),boot:0x1c (SPI_FAST_FLASH_BOOT)
SPIWP:0xee
mode:DIO, clock div:2
load:0x40875720,len:0x16b8
load:0x4086c110,len:0xe84
load:0x4086e610,len:0x3054
entry 0x4086c11a
I (23) boot: ESP-IDF v5.4.1 2nd stage bootloader
I (24) boot: compile time Apr  4 2025 18:12:50
I (24) boot: chip revision: v0.1
I (24) boot: efuse block revision: v0.2
I (27) boot.esp32c6: SPI Speed      : 80MHz
I (31) boot.esp32c6: SPI Mode       : DIO
I (35) boot.esp32c6: SPI Flash Size : 8MB
I (39) boot: Enabling RNG early entropy source...
I (43) boot: Partition Table:
I (46) boot: ## Label            Usage          Type ST Offset   Length
I (52) boot:  0 nvs              WiFi data        01 02 00009000 00006000
I (58) boot:  1 phy_init         RF data          01 01 0000f000 00001000
I (65) boot:  2 factory          factory app      00 00 00010000 00100000
I (71) boot:  3 littlefs         Unknown data     01 83 00110000 00400000
I (78) boot: End of partition table
I (81) esp_image: segment 0: paddr=00010020 vaddr=420a0020 size=1d134h (119092) map
I (111) esp_image: segment 1: paddr=0002d15c vaddr=40800000 size=02ebch ( 11964) load
I (114) esp_image: segment 2: paddr=00030020 vaddr=42000020 size=96924h (616740) map
I (228) esp_image: segment 3: paddr=000c694c vaddr=40802ebc size=172c8h ( 94920) load
I (249) esp_image: segment 4: paddr=000ddc1c vaddr=4081a190 size=03e68h ( 15976) load
I (259) boot: Loaded app from partition at offset 0x10000
I (260) boot: Disabling RNG early entropy source...
I (269) cpu_start: Unicore app
I (278) cpu_start: Pro cpu start user code
I (278) cpu_start: cpu freq: 160000000 Hz
I (278) app_init: Application information:
I (278) app_init: Project name:     project-name
I (282) app_init: App version:      c8902fe
I (286) app_init: Compile time:     Apr  4 2025 18:14:49
I (291) app_init: ELF file SHA256:  d23b3bcbb...
I (296) app_init: ESP-IDF:          v5.4.1
I (300) efuse_init: Min chip rev:     v0.0
I (303) efuse_init: Max chip rev:     v0.99
I (307) efuse_init: Chip rev:         v0.1
I (311) heap_init: Initializing. RAM available for dynamic allocation:
I (317) heap_init: At 40823430 len 000591E0 (356 KiB): RAM
I (323) heap_init: At 4087C610 len 00002F54 (11 KiB): RAM
I (328) heap_init: At 50000000 len 00003FE8 (15 KiB): RTCRAM
I (334) spi_flash: detected chip: generic
I (337) spi_flash: flash io: dio
I (340) sleep_gpio: Configure to isolate all GPIO pins in sleep state
I (346) sleep_gpio: Enable automatic switching of GPIO sleep configuration
I (353) coexist: coex firmware version: e727207
I (383) coexist: coexist rom version 5b8dcfa
I (384) main_task: Started on CPU0
I (384) main_task: Calling app_main()
I (384) gpio: GPIO[23]| InputEn: 0| OutputEn: 0| OpenDrain: 0| Pullup: 1| Pulldown: 0| Intr:0
I (391) playground: Created LED strip object with RMT backend
I (396) playground: Start blinking LED and Beep
I (412) playground: ESP_WIFI_MODE_AP
I (414) pp: pp rom version: 5b8dcfa
I (414) net80211: net80211 rom version: 5b8dcfa
I (416) wifi:wifi driver task: 4082c410, prio:23, stack:6656, core=0
I (422) wifi:wifi firmware version: 79fa3f41ba
I (422) wifi:wifi certification version: v7.0
I (426) wifi:config NVS flash: enabled
I (430) wifi:config nano formatting: disabled
I (434) wifi:mac_version:HAL_MAC_ESP32AX_761,ut_version:N, band mode:0x1
I (441) wifi:Init data frame dynamic rx buffer num: 32
I (445) wifi:Init static rx mgmt buffer num: 5
I (449) wifi:Init management short buffer num: 32
I (454) wifi:Init dynamic tx buffer num: 32
I (458) wifi:Init static tx FG buffer num: 2
I (462) wifi:Init static rx buffer size: 1700 (rxctrl:92, csi:512)
I (468) wifi:Init static rx buffer num: 10
I (471) wifi:Init dynamic rx buffer num: 32
I (476) wifi_init: rx ba win: 6
I (478) wifi_init: accept mbox: 6
I (481) wifi_init: tcpip mbox: 32
I (484) wifi_init: udp mbox: 6
I (487) wifi_init: tcp mbox: 6
I (490) wifi_init: tcp tx win: 5760
I (493) wifi_init: tcp rx win: 5760
I (496) wifi_init: tcp mss: 1440
I (499) wifi_init: WiFi IRAM OP enabled
I (503) wifi_init: WiFi RX IRAM OP enabled
I (506) wifi_init: WiFi SLP IRAM OP enabled
I (512) phy_init: phy_version 330,4af1121,Feb  6 2025,14:39:13
W (585) wifi:ACK_TAB0   :0x   90a0b, QAM16:0x9 (24Mbps), QPSK:0xa (12Mbps), BPSK:0xb (6Mbps)
W (585) wifi:CTS_TAB0   :0x   90a0b, QAM16:0x9 (24Mbps), QPSK:0xa (12Mbps), BPSK:0xb (6Mbps)
W (590) wifi:(agc)0x600a7128:0xd210caf2, min.avgNF:0xce->0xd2(dB), RCalCount:0x10c, min.RRssi:0xaf2(-80.88)
W (600) wifi:(TB)WDEV_PWR_TB_MCS0:19
W (603) wifi:(TB)WDEV_PWR_TB_MCS1:19
W (606) wifi:(TB)WDEV_PWR_TB_MCS2:19
W (609) wifi:(TB)WDEV_PWR_TB_MCS3:19
W (613) wifi:(TB)WDEV_PWR_TB_MCS4:19
W (616) wifi:(TB)WDEV_PWR_TB_MCS5:19
W (619) wifi:(TB)WDEV_PWR_TB_MCS6:18
W (622) wifi:(TB)WDEV_PWR_TB_MCS7:18
W (626) wifi:(TB)WDEV_PWR_TB_MCS8:17
W (629) wifi:(TB)WDEV_PWR_TB_MCS9:15
W (632) wifi:(TB)WDEV_PWR_TB_MCS10:15
W (636) wifi:(TB)WDEV_PWR_TB_MCS11:15
I (639) wifi:11ax coex: WDEVAX_PTI0(0x55777555), WDEVAX_PTI1(0x00003377).

I (646) wifi:mode : softAP (f0:f5:bd:02:f7:f9)
I (651) wifi:Total power save buffer number: 16
I (654) wifi:Init max length of beacon: 752/752
I (659) wifi:Init max length of beacon: 752/752
I (664) esp_netif_lwip: DHCP server started on interface WIFI_AP_DEF with IP: 192.168.4.1
I (671) playground: wifi_init_softap finished. SSID:ESP32_test_ap password: channel:1
I (679) playground: LED OFF!
I (1181) playground: LED ON!